******************************************************************************
                  TI ARM Linker PC v20.2.5                     
******************************************************************************
>> Linked Fri Mar 25 00:01:12 2022

OUTPUT FILE NAME:   <tm4c gpio.out>
ENTRY POINT SYMBOL: "_c_int00_noargs"  address: 00000509


MEMORY CONFIGURATION

         name            origin    length      used     unused   attr    fill
----------------------  --------  ---------  --------  --------  ----  --------
  FLASH                 00000000   00040000  0000058e  0003fa72  R  X
  SRAM                  20000000   00008000  0000021c  00007de4  RW X


SEGMENT ALLOCATION MAP

run origin  load origin   length   init length attrs members
----------  ----------- ---------- ----------- ----- -------
00000000    00000000    00000590   00000590    r-x
  00000000    00000000    0000026c   0000026c    r-- .intvecs
  0000026c    0000026c    000002f2   000002f2    r-x .text
  00000560    00000560    00000030   00000030    r-- .cinit
20000000    20000000    0000021c   00000000    rw-
  20000000    20000000    00000200   00000000    rw- .stack
  20000200    20000200    0000001c   00000000    rw- .data


SECTION ALLOCATION MAP

 output                                  attributes/
section   page    origin      length       input sections
--------  ----  ----------  ----------   ----------------
.intvecs   0    00000000    0000026c     
                  00000000    0000026c     tm4c123gh6pm_startup_ccs.obj (.intvecs)

.text      0    0000026c    000002f2     
                  0000026c    00000154     main.obj (.text)
                  000003c0    0000009c     rtsv7M4_T_le_v4SPD16_eabi.lib : memcpy_t2.asm.obj (.text)
                  0000045c    00000068                                   : copy_decompress_lzss.c.obj (.text:decompress:lzss:__TI_decompress_lzss)
                  000004c4    00000044                                   : autoinit.c.obj (.text:__TI_auto_init_nobinit_nopinit:__TI_auto_init_nobinit_nopinit)
                  00000508    00000034                                   : boot_cortex_m.c.obj (.text:_c_int00_noargs:_c_int00_noargs)
                  0000053c    0000000e                                   : copy_decompress_none.c.obj (.text:decompress:none:__TI_decompress_none)
                  0000054a    0000000c     tm4c123gh6pm_startup_ccs.obj (.text)
                  00000556    00000004     rtsv7M4_T_le_v4SPD16_eabi.lib : pre_init.c.obj (.text:_system_pre_init)
                  0000055a    00000004                                   : exit.c.obj (.text:abort:abort)

.cinit     0    00000560    00000030     
                  00000560    0000001f     (.cinit..data.load) [load image, compression = lzss]
                  0000057f    00000001     --HOLE-- [fill = 0]
                  00000580    00000008     (__TI_handler_table)
                  00000588    00000008     (__TI_cinit_table)

.init_array 
*          0    00000000    00000000     UNINITIALIZED

.data      0    20000200    0000001c     UNINITIALIZED
                  20000200    00000012     main.obj (.data:pulses)
                  20000212    00000002     --HOLE--
                  20000214    00000008     main.obj (.data)

.stack     0    20000000    00000200     UNINITIALIZED
                  20000000    00000004     rtsv7M4_T_le_v4SPD16_eabi.lib : boot_cortex_m.c.obj (.stack)
                  20000004    000001fc     --HOLE--

__llvm_prf_cnts 
*          0    20000000    00000000     UNINITIALIZED

MODULE SUMMARY

       Module                         code   ro data   rw data
       ------                         ----   -------   -------
    .\
       tm4c123gh6pm_startup_ccs.obj   12     620       0      
       main.obj                       340    0         26     
    +--+------------------------------+------+---------+---------+
       Total:                         352    620       26     
                                                              
    D:\ccs\tools\compiler\ti-cgt-arm_20.2.5.LTS\lib\rtsv7M4_T_le_v4SPD16_eabi.lib
       memcpy_t2.asm.obj              156    0         0      
       copy_decompress_lzss.c.obj     104    0         0      
       autoinit.c.obj                 68     0         0      
       boot_cortex_m.c.obj            52     0         0      
       copy_decompress_none.c.obj     14     0         0      
       exit.c.obj                     4      0         0      
       pre_init.c.obj                 4      0         0      
    +--+------------------------------+------+---------+---------+
       Total:                         402    0         0      
                                                              
       Stack:                         0      0         512    
       Linker Generated:              0      47        0      
    +--+------------------------------+------+---------+---------+
       Grand Total:                   754    667       538    


LINKER GENERATED COPY TABLES

__TI_cinit_table @ 00000588 records: 1, size/record: 8, table size: 8
	.data: load addr=00000560, load size=0000001f bytes, run addr=20000200, run size=0000001c bytes, compression=lzss


LINKER GENERATED HANDLER TABLE

__TI_handler_table @ 00000580 records: 2, size/record: 4, table size: 8
	index: 0, handler: __TI_decompress_lzss
	index: 1, handler: __TI_decompress_none


GLOBAL SYMBOLS: SORTED ALPHABETICALLY BY Name 

address   name                          
-------   ----                          
0000055b  C$$EXIT                       
0000026d  PWM1_G1_Handler               
0000054b  ResetISR                      
20000200  __STACK_END                   
00000200  __STACK_SIZE                  
20000200  __STACK_TOP                   
00000588  __TI_CINIT_Base               
00000590  __TI_CINIT_Limit              
00000580  __TI_Handler_Table_Base       
00000588  __TI_Handler_Table_Limit      
000004c5  __TI_auto_init_nobinit_nopinit
0000045d  __TI_decompress_lzss          
0000053d  __TI_decompress_none          
ffffffff  __TI_pprof_out_hndl           
ffffffff  __TI_prof_data_size           
ffffffff  __TI_prof_data_start          
00000000  __TI_static_base__            
000003c1  __aeabi_memcpy                
000003c1  __aeabi_memcpy4               
000003c1  __aeabi_memcpy8               
ffffffff  __binit__                     
ffffffff  __c_args__                    
UNDEFED   __mpu_init                    
20000000  __stack                       
20000000  __start___llvm_prf_cnts       
20000000  __stop___llvm_prf_cnts        
00000509  _c_int00_noargs               
UNDEFED   _system_post_cinit            
00000557  _system_pre_init              
0000055b  abort                         
ffffffff  binit                         
20000218  error                         
00000000  g_pfnVectors                  
20000214  idx                           
000002b7  main                          
000003c1  memcpy                        
20000200  pulses                        


GLOBAL SYMBOLS: SORTED BY Symbol Address 

address   name                          
-------   ----                          
00000000  __TI_static_base__            
00000000  g_pfnVectors                  
00000200  __STACK_SIZE                  
0000026d  PWM1_G1_Handler               
000002b7  main                          
000003c1  __aeabi_memcpy                
000003c1  __aeabi_memcpy4               
000003c1  __aeabi_memcpy8               
000003c1  memcpy                        
0000045d  __TI_decompress_lzss          
000004c5  __TI_auto_init_nobinit_nopinit
00000509  _c_int00_noargs               
0000053d  __TI_decompress_none          
0000054b  ResetISR                      
00000557  _system_pre_init              
0000055b  C$$EXIT                       
0000055b  abort                         
00000580  __TI_Handler_Table_Base       
00000588  __TI_CINIT_Base               
00000588  __TI_Handler_Table_Limit      
00000590  __TI_CINIT_Limit              
20000000  __stack                       
20000000  __start___llvm_prf_cnts       
20000000  __stop___llvm_prf_cnts        
20000200  __STACK_END                   
20000200  __STACK_TOP                   
20000200  pulses                        
20000214  idx                           
20000218  error                         
ffffffff  __TI_pprof_out_hndl           
ffffffff  __TI_prof_data_size           
ffffffff  __TI_prof_data_start          
ffffffff  __binit__                     
ffffffff  __c_args__                    
ffffffff  binit                         
UNDEFED   __mpu_init                    
UNDEFED   _system_post_cinit            

[37 symbols]
